[2026-01-14T05:55:50.906+0000] {taskinstance.py:1956} INFO - Dependencies all met for dep_context=non-requeueable deps ti=<TaskInstance: procurement_daily_pipeline_sequential.aggregate_orders manual__2026-01-14T05:55:42.525331+00:00 [queued]>
[2026-01-14T05:55:50.912+0000] {taskinstance.py:1956} INFO - Dependencies all met for dep_context=requeueable deps ti=<TaskInstance: procurement_daily_pipeline_sequential.aggregate_orders manual__2026-01-14T05:55:42.525331+00:00 [queued]>
[2026-01-14T05:55:50.913+0000] {taskinstance.py:2170} INFO - Starting attempt 1 of 3
[2026-01-14T05:55:50.920+0000] {taskinstance.py:2191} INFO - Executing <Task(PythonOperator): aggregate_orders> on 2026-01-14 05:55:42.525331+00:00
[2026-01-14T05:55:50.924+0000] {standard_task_runner.py:60} INFO - Started process 314 to run task
[2026-01-14T05:55:50.926+0000] {standard_task_runner.py:87} INFO - Running: ['airflow', 'tasks', 'run', 'procurement_daily_pipeline_sequential', 'aggregate_orders', 'manual__2026-01-14T05:55:42.525331+00:00', '--job-id', '63', '--raw', '--subdir', 'DAGS_FOLDER/pipeline.py', '--cfg-path', '/tmp/tmps1bwioa7']
[2026-01-14T05:55:50.928+0000] {standard_task_runner.py:88} INFO - Job 63: Subtask aggregate_orders
[2026-01-14T05:55:50.959+0000] {task_command.py:423} INFO - Running <TaskInstance: procurement_daily_pipeline_sequential.aggregate_orders manual__2026-01-14T05:55:42.525331+00:00 [running]> on host 400ff770cba1
[2026-01-14T05:55:51.023+0000] {taskinstance.py:2480} INFO - Exporting env vars: AIRFLOW_CTX_DAG_OWNER='procurement_team' AIRFLOW_CTX_DAG_ID='procurement_daily_pipeline_sequential' AIRFLOW_CTX_TASK_ID='aggregate_orders' AIRFLOW_CTX_EXECUTION_DATE='2026-01-14T05:55:42.525331+00:00' AIRFLOW_CTX_TRY_NUMBER='1' AIRFLOW_CTX_DAG_RUN_ID='manual__2026-01-14T05:55:42.525331+00:00'
[2026-01-14T05:55:51.024+0000] {pipeline.py:382} INFO - Aggregating orders using Trino...
[2026-01-14T05:55:51.027+0000] {logging_mixin.py:188} WARNING - /home/airflow/.local/lib/python3.11/site-packages/airflow/utils/context.py:315 AirflowContextDeprecationWarning: Accessing 'execution_date' from the template is deprecated and will be removed in a future version. Please use 'data_interval_start' or 'logical_date' instead.
[2026-01-14T05:55:51.236+0000] {pipeline.py:135} ERROR - Exception logged to /opt/airflow/data/logs/exceptions/14-01-2026/aggregate_orders_with_trino_20260114_055551.json
[2026-01-14T05:55:51.242+0000] {taskinstance.py:2698} ERROR - Task failed with exception
Traceback (most recent call last):
  File "/opt/airflow/dags/pipeline.py", line 417, in aggregate_orders_with_trino
    cursor.execute(aggregate_sql)
  File "/home/airflow/.local/lib/python3.11/site-packages/trino/dbapi.py", line 640, in execute
    self._iterator = iter(self._query.execute())
                          ^^^^^^^^^^^^^^^^^^^^^
  File "/home/airflow/.local/lib/python3.11/site-packages/trino/client.py", line 909, in execute
    self._result.rows += self.fetch()
                         ^^^^^^^^^^^^
  File "/home/airflow/.local/lib/python3.11/site-packages/trino/client.py", line 929, in fetch
    status = self._request.process(response)
             ^^^^^^^^^^^^^^^^^^^^^^^^^^^^^^^
  File "/home/airflow/.local/lib/python3.11/site-packages/trino/client.py", line 698, in process
    raise self._process_error(response["error"], response.get("id"))
trino.exceptions.TrinoUserError: TrinoUserError(type=USER_ERROR, name=TYPE_MISMATCH, message="line 15:59: Cannot apply operator: varchar = bigint", query_id=20260114_055551_00019_qahyp)

During handling of the above exception, another exception occurred:

Traceback (most recent call last):
  File "/home/airflow/.local/lib/python3.11/site-packages/airflow/models/taskinstance.py", line 433, in _execute_task
    result = execute_callable(context=context, **execute_callable_kwargs)
             ^^^^^^^^^^^^^^^^^^^^^^^^^^^^^^^^^^^^^^^^^^^^^^^^^^^^^^^^^^^^
  File "/home/airflow/.local/lib/python3.11/site-packages/airflow/operators/python.py", line 199, in execute
    return_value = self.execute_callable()
                   ^^^^^^^^^^^^^^^^^^^^^^^
  File "/home/airflow/.local/lib/python3.11/site-packages/airflow/operators/python.py", line 216, in execute_callable
    return self.python_callable(*self.op_args, **self.op_kwargs)
           ^^^^^^^^^^^^^^^^^^^^^^^^^^^^^^^^^^^^^^^^^^^^^^^^^^^^^
  File "/opt/airflow/dags/pipeline.py", line 450, in aggregate_orders_with_trino
    log_exception(e, "aggregate_orders_with_trino", date_str, {"stage": "aggregation"})
  File "/opt/airflow/dags/pipeline.py", line 139, in log_exception
    raise AirflowException(f"{task_name} failed: {str(exception)}")
airflow.exceptions.AirflowException: aggregate_orders_with_trino failed: TrinoUserError(type=USER_ERROR, name=TYPE_MISMATCH, message="line 15:59: Cannot apply operator: varchar = bigint", query_id=20260114_055551_00019_qahyp)
[2026-01-14T05:55:51.245+0000] {taskinstance.py:1138} INFO - Marking task as UP_FOR_RETRY. dag_id=procurement_daily_pipeline_sequential, task_id=aggregate_orders, execution_date=20260114T055542, start_date=20260114T055550, end_date=20260114T055551
[2026-01-14T05:55:51.252+0000] {standard_task_runner.py:107} ERROR - Failed to execute job 63 for task aggregate_orders (aggregate_orders_with_trino failed: TrinoUserError(type=USER_ERROR, name=TYPE_MISMATCH, message="line 15:59: Cannot apply operator: varchar = bigint", query_id=20260114_055551_00019_qahyp); 314)
[2026-01-14T05:55:51.259+0000] {local_task_job_runner.py:234} INFO - Task exited with return code 1
[2026-01-14T05:55:51.275+0000] {taskinstance.py:3280} INFO - 0 downstream tasks scheduled from follow-on schedule check
