[2026-01-14T05:19:15.252+0000] {taskinstance.py:1956} INFO - Dependencies all met for dep_context=non-requeueable deps ti=<TaskInstance: procurement_daily_pipeline_sequential.generate_summary manual__2026-01-14T05:17:55.282135+00:00 [queued]>
[2026-01-14T05:19:15.259+0000] {taskinstance.py:1956} INFO - Dependencies all met for dep_context=requeueable deps ti=<TaskInstance: procurement_daily_pipeline_sequential.generate_summary manual__2026-01-14T05:17:55.282135+00:00 [queued]>
[2026-01-14T05:19:15.260+0000] {taskinstance.py:2170} INFO - Starting attempt 1 of 3
[2026-01-14T05:19:15.270+0000] {taskinstance.py:2191} INFO - Executing <Task(PythonOperator): generate_summary> on 2026-01-14 05:17:55.282135+00:00
[2026-01-14T05:19:15.275+0000] {standard_task_runner.py:60} INFO - Started process 215 to run task
[2026-01-14T05:19:15.278+0000] {standard_task_runner.py:87} INFO - Running: ['airflow', 'tasks', 'run', 'procurement_daily_pipeline_sequential', 'generate_summary', 'manual__2026-01-14T05:17:55.282135+00:00', '--job-id', '28', '--raw', '--subdir', 'DAGS_FOLDER/pipeline.py', '--cfg-path', '/tmp/tmpb4f9ibta']
[2026-01-14T05:19:15.281+0000] {standard_task_runner.py:88} INFO - Job 28: Subtask generate_summary
[2026-01-14T05:19:15.321+0000] {task_command.py:423} INFO - Running <TaskInstance: procurement_daily_pipeline_sequential.generate_summary manual__2026-01-14T05:17:55.282135+00:00 [running]> on host b8ec20818387
[2026-01-14T05:19:15.376+0000] {taskinstance.py:2480} INFO - Exporting env vars: AIRFLOW_CTX_DAG_OWNER='procurement_team' AIRFLOW_CTX_DAG_ID='procurement_daily_pipeline_sequential' AIRFLOW_CTX_TASK_ID='generate_summary' AIRFLOW_CTX_EXECUTION_DATE='2026-01-14T05:17:55.282135+00:00' AIRFLOW_CTX_TRY_NUMBER='1' AIRFLOW_CTX_DAG_RUN_ID='manual__2026-01-14T05:17:55.282135+00:00'
[2026-01-14T05:19:15.377+0000] {pipeline.py:704} INFO - Generating pipeline summary...
[2026-01-14T05:19:15.380+0000] {logging_mixin.py:188} WARNING - /home/airflow/.local/lib/python3.11/site-packages/airflow/utils/context.py:315 AirflowContextDeprecationWarning: Accessing 'execution_date' from the template is deprecated and will be removed in a future version. Please use 'data_interval_start' or 'logical_date' instead.
[2026-01-14T05:19:15.428+0000] {pipeline.py:137} WARNING - Failed to write exception log: [Errno 13] Permission denied: '/opt/airflow/data/logs'
[2026-01-14T05:19:15.433+0000] {taskinstance.py:2698} ERROR - Task failed with exception
Traceback (most recent call last):
  File "/usr/local/lib/python3.11/pathlib.py", line 1116, in mkdir
    os.mkdir(self, mode)
FileNotFoundError: [Errno 2] No such file or directory: '/opt/airflow/data/output/pipeline_summary'

During handling of the above exception, another exception occurred:

Traceback (most recent call last):
  File "/opt/airflow/dags/pipeline.py", line 742, in generate_pipeline_summary
    summary_dir.mkdir(parents=True, exist_ok=True)
  File "/usr/local/lib/python3.11/pathlib.py", line 1120, in mkdir
    self.parent.mkdir(parents=True, exist_ok=True)
  File "/usr/local/lib/python3.11/pathlib.py", line 1116, in mkdir
    os.mkdir(self, mode)
PermissionError: [Errno 13] Permission denied: '/opt/airflow/data/output'

During handling of the above exception, another exception occurred:

Traceback (most recent call last):
  File "/home/airflow/.local/lib/python3.11/site-packages/airflow/models/taskinstance.py", line 433, in _execute_task
    result = execute_callable(context=context, **execute_callable_kwargs)
             ^^^^^^^^^^^^^^^^^^^^^^^^^^^^^^^^^^^^^^^^^^^^^^^^^^^^^^^^^^^^
  File "/home/airflow/.local/lib/python3.11/site-packages/airflow/operators/python.py", line 199, in execute
    return_value = self.execute_callable()
                   ^^^^^^^^^^^^^^^^^^^^^^^
  File "/home/airflow/.local/lib/python3.11/site-packages/airflow/operators/python.py", line 216, in execute_callable
    return self.python_callable(*self.op_args, **self.op_kwargs)
           ^^^^^^^^^^^^^^^^^^^^^^^^^^^^^^^^^^^^^^^^^^^^^^^^^^^^^
  File "/opt/airflow/dags/pipeline.py", line 759, in generate_pipeline_summary
    log_exception(e, "generate_pipeline_summary", date_str, {"stage": "summary_generation"})
  File "/opt/airflow/dags/pipeline.py", line 139, in log_exception
    raise AirflowException(f"{task_name} failed: {str(exception)}")
airflow.exceptions.AirflowException: generate_pipeline_summary failed: [Errno 13] Permission denied: '/opt/airflow/data/output'
[2026-01-14T05:19:15.439+0000] {taskinstance.py:1138} INFO - Marking task as UP_FOR_RETRY. dag_id=procurement_daily_pipeline_sequential, task_id=generate_summary, execution_date=20260114T051755, start_date=20260114T051915, end_date=20260114T051915
[2026-01-14T05:19:15.445+0000] {standard_task_runner.py:107} ERROR - Failed to execute job 28 for task generate_summary (generate_pipeline_summary failed: [Errno 13] Permission denied: '/opt/airflow/data/output'; 215)
[2026-01-14T05:19:15.451+0000] {local_task_job_runner.py:234} INFO - Task exited with return code 1
[2026-01-14T05:19:15.465+0000] {taskinstance.py:3280} INFO - 0 downstream tasks scheduled from follow-on schedule check
