[2026-01-14T05:34:12.909+0000] {taskinstance.py:1956} INFO - Dependencies all met for dep_context=non-requeueable deps ti=<TaskInstance: procurement_daily_pipeline_sequential.store_snapshots manual__2026-01-14T05:29:05.335317+00:00 [queued]>
[2026-01-14T05:34:12.916+0000] {taskinstance.py:1956} INFO - Dependencies all met for dep_context=requeueable deps ti=<TaskInstance: procurement_daily_pipeline_sequential.store_snapshots manual__2026-01-14T05:29:05.335317+00:00 [queued]>
[2026-01-14T05:34:12.916+0000] {taskinstance.py:2170} INFO - Starting attempt 2 of 3
[2026-01-14T05:34:12.924+0000] {taskinstance.py:2191} INFO - Executing <Task(PythonOperator): store_snapshots> on 2026-01-14 05:29:05.335317+00:00
[2026-01-14T05:34:12.928+0000] {standard_task_runner.py:60} INFO - Started process 183 to run task
[2026-01-14T05:34:12.930+0000] {standard_task_runner.py:87} INFO - Running: ['airflow', 'tasks', 'run', 'procurement_daily_pipeline_sequential', 'store_snapshots', 'manual__2026-01-14T05:29:05.335317+00:00', '--job-id', '40', '--raw', '--subdir', 'DAGS_FOLDER/pipeline.py', '--cfg-path', '/tmp/tmp2u1dpbhb']
[2026-01-14T05:34:12.932+0000] {standard_task_runner.py:88} INFO - Job 40: Subtask store_snapshots
[2026-01-14T05:34:12.968+0000] {task_command.py:423} INFO - Running <TaskInstance: procurement_daily_pipeline_sequential.store_snapshots manual__2026-01-14T05:29:05.335317+00:00 [running]> on host 1f206b7218f0
[2026-01-14T05:34:13.030+0000] {taskinstance.py:2480} INFO - Exporting env vars: AIRFLOW_CTX_DAG_OWNER='procurement_team' AIRFLOW_CTX_DAG_ID='procurement_daily_pipeline_sequential' AIRFLOW_CTX_TASK_ID='store_snapshots' AIRFLOW_CTX_EXECUTION_DATE='2026-01-14T05:29:05.335317+00:00' AIRFLOW_CTX_TRY_NUMBER='2' AIRFLOW_CTX_DAG_RUN_ID='manual__2026-01-14T05:29:05.335317+00:00'
[2026-01-14T05:34:13.031+0000] {pipeline.py:240} INFO - Storing snapshots to Cassandra...
[2026-01-14T05:34:13.034+0000] {logging_mixin.py:188} WARNING - /home/airflow/.local/lib/python3.11/site-packages/airflow/utils/context.py:315 AirflowContextDeprecationWarning: Accessing 'execution_date' from the template is deprecated and will be removed in a future version. Please use 'data_interval_start' or 'logical_date' instead.
[2026-01-14T05:34:13.045+0000] {base.py:83} INFO - Using connection ID 'cassandra_default' for task execution.
[2026-01-14T05:34:13.051+0000] {cluster.py:1701} WARNING - Downgrading core protocol version from 66 to 65 for 172.18.0.2:9042. To avoid this, it is best practice to explicitly set Cluster(protocol_version) to the version supported by your cluster. https://docs.datastax.com/en/developer/python-driver/latest/api/cassandra/cluster.html#cassandra.cluster.Cluster.protocol_version
[2026-01-14T05:34:13.052+0000] {cluster.py:1701} WARNING - Downgrading core protocol version from 65 to 5 for 172.18.0.2:9042. To avoid this, it is best practice to explicitly set Cluster(protocol_version) to the version supported by your cluster. https://docs.datastax.com/en/developer/python-driver/latest/api/cassandra/cluster.html#cassandra.cluster.Cluster.protocol_version
[2026-01-14T05:34:13.062+0000] {cluster.py:2115} INFO - New Cassandra host <Host: 172.18.0.12:9042 dc1> discovered
[2026-01-14T05:34:13.089+0000] {cluster.py:3222} ERROR - Error preparing query:
Traceback (most recent call last):
  File "/home/airflow/.local/lib/python3.11/site-packages/cassandra/cluster.py", line 3220, in prepare
    response = future.result().one()
               ^^^^^^^^^^^^^^^
  File "/home/airflow/.local/lib/python3.11/site-packages/cassandra/cluster.py", line 5048, in result
    raise self._final_exception
cassandra.InvalidRequest: Error from server: code=2200 [Invalid query] message="keyspace procurement does not exist"
[2026-01-14T05:34:13.102+0000] {pipeline.py:135} ERROR - Exception logged to /opt/airflow/data/logs/exceptions/14-01-2026/store_snapshots_to_cassandra_20260114_053413.json
[2026-01-14T05:34:13.108+0000] {taskinstance.py:2698} ERROR - Task failed with exception
Traceback (most recent call last):
  File "/opt/airflow/dags/pipeline.py", line 267, in store_snapshots_to_cassandra
    prepared_stmt = session.prepare(insert_query)
                    ^^^^^^^^^^^^^^^^^^^^^^^^^^^^^
  File "/home/airflow/.local/lib/python3.11/site-packages/cassandra/cluster.py", line 3220, in prepare
    response = future.result().one()
               ^^^^^^^^^^^^^^^
  File "/home/airflow/.local/lib/python3.11/site-packages/cassandra/cluster.py", line 5048, in result
    raise self._final_exception
cassandra.InvalidRequest: Error from server: code=2200 [Invalid query] message="keyspace procurement does not exist"

During handling of the above exception, another exception occurred:

Traceback (most recent call last):
  File "/home/airflow/.local/lib/python3.11/site-packages/airflow/models/taskinstance.py", line 433, in _execute_task
    result = execute_callable(context=context, **execute_callable_kwargs)
             ^^^^^^^^^^^^^^^^^^^^^^^^^^^^^^^^^^^^^^^^^^^^^^^^^^^^^^^^^^^^
  File "/home/airflow/.local/lib/python3.11/site-packages/airflow/operators/python.py", line 199, in execute
    return_value = self.execute_callable()
                   ^^^^^^^^^^^^^^^^^^^^^^^
  File "/home/airflow/.local/lib/python3.11/site-packages/airflow/operators/python.py", line 216, in execute_callable
    return self.python_callable(*self.op_args, **self.op_kwargs)
           ^^^^^^^^^^^^^^^^^^^^^^^^^^^^^^^^^^^^^^^^^^^^^^^^^^^^^
  File "/opt/airflow/dags/pipeline.py", line 286, in store_snapshots_to_cassandra
    log_exception(e, "store_snapshots_to_cassandra", date_str, {"stage": "cassandra_insert"})
  File "/opt/airflow/dags/pipeline.py", line 139, in log_exception
    raise AirflowException(f"{task_name} failed: {str(exception)}")
airflow.exceptions.AirflowException: store_snapshots_to_cassandra failed: Error from server: code=2200 [Invalid query] message="keyspace procurement does not exist"
[2026-01-14T05:34:13.113+0000] {taskinstance.py:1138} INFO - Marking task as UP_FOR_RETRY. dag_id=procurement_daily_pipeline_sequential, task_id=store_snapshots, execution_date=20260114T052905, start_date=20260114T053412, end_date=20260114T053413
[2026-01-14T05:34:13.123+0000] {standard_task_runner.py:107} ERROR - Failed to execute job 40 for task store_snapshots (store_snapshots_to_cassandra failed: Error from server: code=2200 [Invalid query] message="keyspace procurement does not exist"; 183)
[2026-01-14T05:34:13.143+0000] {local_task_job_runner.py:234} INFO - Task exited with return code 1
[2026-01-14T05:34:13.162+0000] {taskinstance.py:3280} INFO - 0 downstream tasks scheduled from follow-on schedule check
