[2026-01-14T05:21:39.752+0000] {taskinstance.py:1956} INFO - Dependencies all met for dep_context=non-requeueable deps ti=<TaskInstance: procurement_daily_pipeline_sequential.load_orders manual__2026-01-14T05:21:38.855205+00:00 [queued]>
[2026-01-14T05:21:39.758+0000] {taskinstance.py:1956} INFO - Dependencies all met for dep_context=requeueable deps ti=<TaskInstance: procurement_daily_pipeline_sequential.load_orders manual__2026-01-14T05:21:38.855205+00:00 [queued]>
[2026-01-14T05:21:39.758+0000] {taskinstance.py:2170} INFO - Starting attempt 1 of 3
[2026-01-14T05:21:39.767+0000] {taskinstance.py:2191} INFO - Executing <Task(PythonOperator): load_orders> on 2026-01-14 05:21:38.855205+00:00
[2026-01-14T05:21:39.776+0000] {standard_task_runner.py:60} INFO - Started process 241 to run task
[2026-01-14T05:21:39.780+0000] {standard_task_runner.py:87} INFO - Running: ['airflow', 'tasks', 'run', 'procurement_daily_pipeline_sequential', 'load_orders', 'manual__2026-01-14T05:21:38.855205+00:00', '--job-id', '31', '--raw', '--subdir', 'DAGS_FOLDER/pipeline.py', '--cfg-path', '/tmp/tmpv2ho1shl']
[2026-01-14T05:21:39.782+0000] {standard_task_runner.py:88} INFO - Job 31: Subtask load_orders
[2026-01-14T05:21:39.828+0000] {task_command.py:423} INFO - Running <TaskInstance: procurement_daily_pipeline_sequential.load_orders manual__2026-01-14T05:21:38.855205+00:00 [running]> on host b8ec20818387
[2026-01-14T05:21:39.919+0000] {taskinstance.py:2480} INFO - Exporting env vars: AIRFLOW_CTX_DAG_OWNER='procurement_team' AIRFLOW_CTX_DAG_ID='procurement_daily_pipeline_sequential' AIRFLOW_CTX_TASK_ID='load_orders' AIRFLOW_CTX_EXECUTION_DATE='2026-01-14T05:21:38.855205+00:00' AIRFLOW_CTX_TRY_NUMBER='1' AIRFLOW_CTX_DAG_RUN_ID='manual__2026-01-14T05:21:38.855205+00:00'
[2026-01-14T05:21:39.920+0000] {pipeline.py:148} INFO - Loading orders to HDFS...
[2026-01-14T05:21:39.926+0000] {logging_mixin.py:188} WARNING - /home/airflow/.local/lib/python3.11/site-packages/airflow/utils/context.py:315 AirflowContextDeprecationWarning: Accessing 'execution_date' from the template is deprecated and will be removed in a future version. Please use 'data_interval_start' or 'logical_date' instead.
[2026-01-14T05:21:39.927+0000] {pipeline.py:137} WARNING - Failed to write exception log: [Errno 13] Permission denied: '/opt/airflow/data/logs'
[2026-01-14T05:21:39.940+0000] {taskinstance.py:2698} ERROR - Task failed with exception
Traceback (most recent call last):
  File "/opt/airflow/dags/pipeline.py", line 163, in load_orders_to_hdfs
    raise FileNotFoundError(f"Orders file not found at {orders_file}")
FileNotFoundError: Orders file not found at /opt/airflow/data/raw/orders/14-01-2026/orders.csv

During handling of the above exception, another exception occurred:

Traceback (most recent call last):
  File "/home/airflow/.local/lib/python3.11/site-packages/airflow/models/taskinstance.py", line 433, in _execute_task
    result = execute_callable(context=context, **execute_callable_kwargs)
             ^^^^^^^^^^^^^^^^^^^^^^^^^^^^^^^^^^^^^^^^^^^^^^^^^^^^^^^^^^^^
  File "/home/airflow/.local/lib/python3.11/site-packages/airflow/operators/python.py", line 199, in execute
    return_value = self.execute_callable()
                   ^^^^^^^^^^^^^^^^^^^^^^^
  File "/home/airflow/.local/lib/python3.11/site-packages/airflow/operators/python.py", line 216, in execute_callable
    return self.python_callable(*self.op_args, **self.op_kwargs)
           ^^^^^^^^^^^^^^^^^^^^^^^^^^^^^^^^^^^^^^^^^^^^^^^^^^^^^
  File "/opt/airflow/dags/pipeline.py", line 182, in load_orders_to_hdfs
    log_exception(e, "load_orders_to_hdfs", date_str, {"stage": "hdfs_orders_upload"})
  File "/opt/airflow/dags/pipeline.py", line 139, in log_exception
    raise AirflowException(f"{task_name} failed: {str(exception)}")
airflow.exceptions.AirflowException: load_orders_to_hdfs failed: Orders file not found at /opt/airflow/data/raw/orders/14-01-2026/orders.csv
[2026-01-14T05:21:39.955+0000] {taskinstance.py:1138} INFO - Marking task as UP_FOR_RETRY. dag_id=procurement_daily_pipeline_sequential, task_id=load_orders, execution_date=20260114T052138, start_date=20260114T052139, end_date=20260114T052139
[2026-01-14T05:21:39.963+0000] {standard_task_runner.py:107} ERROR - Failed to execute job 31 for task load_orders (load_orders_to_hdfs failed: Orders file not found at /opt/airflow/data/raw/orders/14-01-2026/orders.csv; 241)
[2026-01-14T05:21:39.993+0000] {local_task_job_runner.py:234} INFO - Task exited with return code 1
[2026-01-14T05:21:40.012+0000] {taskinstance.py:3280} INFO - 0 downstream tasks scheduled from follow-on schedule check
